SQL> SELECT last_name, job_id, salary AS Sal
  2  FROM employees;

LAST_NAME                 JOB_ID            SAL                                 
------------------------- ---------- ----------                                 
King                      AD_PRES         24000                                 
Kochhar                   AD_VP           17000                                 
De Haan                   AD_VP           17000                                 
Hunold                    IT_PROG          9000                                 
Ernst                     IT_PROG          6000                                 
Austin                    IT_PROG          4800                                 
Pataballa                 IT_PROG          4800                                 
Lorentz                   IT_PROG          4200                                 
Greenberg                 FI_MGR          12008                                 
Faviet                    FI_ACCOUNT       9000                                 
Chen                      FI_ACCOUNT       8200                                 

LAST_NAME                 JOB_ID            SAL                                 
------------------------- ---------- ----------                                 
Sciarra                   FI_ACCOUNT       7700                                 
Urman                     FI_ACCOUNT       7800                                 
Popp                      FI_ACCOUNT       6900                                 
Raphaely                  PU_MAN          11000                                 
Khoo                      PU_CLERK         3100                                 
Baida                     PU_CLERK         2900                                 
Tobias                    PU_CLERK         2800                                 
Himuro                    PU_CLERK         2600                                 
Colmenares                PU_CLERK         2500                                 
Weiss                     ST_MAN           8000                                 
Fripp                     ST_MAN           8200                                 

LAST_NAME                 JOB_ID            SAL                                 
------------------------- ---------- ----------                                 
Kaufling                  ST_MAN           7900                                 
Vollman                   ST_MAN           6500                                 
Mourgos                   ST_MAN           5800                                 
Nayer                     ST_CLERK         3200                                 
Mikkilineni               ST_CLERK         2700                                 
Landry                    ST_CLERK         2400                                 
Markle                    ST_CLERK         2200                                 
Bissot                    ST_CLERK         3300                                 
Atkinson                  ST_CLERK         2800                                 
Marlow                    ST_CLERK         2500                                 
Olson                     ST_CLERK         2100                                 

LAST_NAME                 JOB_ID            SAL                                 
------------------------- ---------- ----------                                 
Mallin                    ST_CLERK         3300                                 
Rogers                    ST_CLERK         2900                                 
Gee                       ST_CLERK         2400                                 
Philtanker                ST_CLERK         2200                                 
Ladwig                    ST_CLERK         3600                                 
Stiles                    ST_CLERK         3200                                 
Seo                       ST_CLERK         2700                                 
Patel                     ST_CLERK         2500                                 
Rajs                      ST_CLERK         3500                                 
Davies                    ST_CLERK         3100                                 
Matos                     ST_CLERK         2600                                 

LAST_NAME                 JOB_ID            SAL                                 
------------------------- ---------- ----------                                 
Vargas                    ST_CLERK         2500                                 
Russell                   SA_MAN          14000                                 
Partners                  SA_MAN          13500                                 
Errazuriz                 SA_MAN          12000                                 
Cambrault                 SA_MAN          11000                                 
Zlotkey                   SA_MAN          10500                                 
Tucker                    SA_REP          10000                                 
Bernstein                 SA_REP           9500                                 
Hall                      SA_REP           9000                                 
Olsen                     SA_REP           8000                                 
Cambrault                 SA_REP           7500                                 

LAST_NAME                 JOB_ID            SAL                                 
------------------------- ---------- ----------                                 
Tuvault                   SA_REP           7000                                 
King                      SA_REP          10000                                 
Sully                     SA_REP           9500                                 
McEwen                    SA_REP           9000                                 
Smith                     SA_REP           8000                                 
Doran                     SA_REP           7500                                 
Sewall                    SA_REP           7000                                 
Vishney                   SA_REP          10500                                 
Greene                    SA_REP           9500                                 
Marvins                   SA_REP           7200                                 
Lee                       SA_REP           6800                                 

LAST_NAME                 JOB_ID            SAL                                 
------------------------- ---------- ----------                                 
Ande                      SA_REP           6400                                 
Banda                     SA_REP           6200                                 
Ozer                      SA_REP          11500                                 
Bloom                     SA_REP          10000                                 
Fox                       SA_REP           9600                                 
Smith                     SA_REP           7400                                 
Bates                     SA_REP           7300                                 
Kumar                     SA_REP           6100                                 
Abel                      SA_REP          11000                                 
Hutton                    SA_REP           8800                                 
Taylor                    SA_REP           8600                                 

LAST_NAME                 JOB_ID            SAL                                 
------------------------- ---------- ----------                                 
Livingston                SA_REP           8400                                 
Grant                     SA_REP           7000                                 
Johnson                   SA_REP           6200                                 
Taylor                    SH_CLERK         3200                                 
Fleaur                    SH_CLERK         3100                                 
Sullivan                  SH_CLERK         2500                                 
Geoni                     SH_CLERK         2800                                 
Sarchand                  SH_CLERK         4200                                 
Bull                      SH_CLERK         4100                                 
Dellinger                 SH_CLERK         3400                                 
Cabrio                    SH_CLERK         3000                                 

LAST_NAME                 JOB_ID            SAL                                 
------------------------- ---------- ----------                                 
Chung                     SH_CLERK         3800                                 
Dilly                     SH_CLERK         3600                                 
Gates                     SH_CLERK         2900                                 
Perkins                   SH_CLERK         2500                                 
Bell                      SH_CLERK         4000                                 
Everett                   SH_CLERK         3900                                 
McCain                    SH_CLERK         3200                                 
Jones                     SH_CLERK         2800                                 
Walsh                     SH_CLERK         3100                                 
Feeney                    SH_CLERK         3000                                 
OConnell                  SH_CLERK         2600                                 

LAST_NAME                 JOB_ID            SAL                                 
------------------------- ---------- ----------                                 
Grant                     SH_CLERK         2600                                 
Whalen                    AD_ASST          4400                                 
Hartstein                 MK_MAN          13000                                 
Fay                       MK_REP           6000                                 
Mavris                    HR_REP           6500                                 
Baer                      PR_REP          10000                                 
Higgins                   AC_MGR          12008                                 
Gietz                     AC_ACCOUNT       8300                                 

107 rows selected.

SQL> SELECT *
  2  FROM job_grades;
FROM job_grades
     *
ERROR at line 2:
ORA-00942: table or view does not exist 


SQL> SELECT employee_id, last_name
  2  sal x 12 ANNUAL SALARY
  3  ;
sal x 12 ANNUAL SALARY
    *
ERROR at line 2:
ORA-00923: FROM keyword not found where expected 


SQL> select employee_id,last_name,job_id,hire_date as startdate
  2  from employees;

EMPLOYEE_ID LAST_NAME                 JOB_ID     STARTDATE                      
----------- ------------------------- ---------- ---------                      
        100 King                      AD_PRES    17-JUN-03                      
        101 Kochhar                   AD_VP      21-SEP-05                      
        102 De Haan                   AD_VP      13-JAN-01                      
        103 Hunold                    IT_PROG    03-JAN-06                      
        104 Ernst                     IT_PROG    21-MAY-07                      
        105 Austin                    IT_PROG    25-JUN-05                      
        106 Pataballa                 IT_PROG    05-FEB-06                      
        107 Lorentz                   IT_PROG    07-FEB-07                      
        108 Greenberg                 FI_MGR     17-AUG-02                      
        109 Faviet                    FI_ACCOUNT 16-AUG-02                      
        110 Chen                      FI_ACCOUNT 28-SEP-05                      

EMPLOYEE_ID LAST_NAME                 JOB_ID     STARTDATE                      
----------- ------------------------- ---------- ---------                      
        111 Sciarra                   FI_ACCOUNT 30-SEP-05                      
        112 Urman                     FI_ACCOUNT 07-MAR-06                      
        113 Popp                      FI_ACCOUNT 07-DEC-07                      
        114 Raphaely                  PU_MAN     07-DEC-02                      
        115 Khoo                      PU_CLERK   18-MAY-03                      
        116 Baida                     PU_CLERK   24-DEC-05                      
        117 Tobias                    PU_CLERK   24-JUL-05                      
        118 Himuro                    PU_CLERK   15-NOV-06                      
        119 Colmenares                PU_CLERK   10-AUG-07                      
        120 Weiss                     ST_MAN     18-JUL-04                      
        121 Fripp                     ST_MAN     10-APR-05                      

EMPLOYEE_ID LAST_NAME                 JOB_ID     STARTDATE                      
----------- ------------------------- ---------- ---------                      
        122 Kaufling                  ST_MAN     01-MAY-03                      
        123 Vollman                   ST_MAN     10-OCT-05                      
        124 Mourgos                   ST_MAN     16-NOV-07                      
        125 Nayer                     ST_CLERK   16-JUL-05                      
        126 Mikkilineni               ST_CLERK   28-SEP-06                      
        127 Landry                    ST_CLERK   14-JAN-07                      
        128 Markle                    ST_CLERK   08-MAR-08                      
        129 Bissot                    ST_CLERK   20-AUG-05                      
        130 Atkinson                  ST_CLERK   30-OCT-05                      
        131 Marlow                    ST_CLERK   16-FEB-05                      
        132 Olson                     ST_CLERK   10-APR-07                      

EMPLOYEE_ID LAST_NAME                 JOB_ID     STARTDATE                      
----------- ------------------------- ---------- ---------                      
        133 Mallin                    ST_CLERK   14-JUN-04                      
        134 Rogers                    ST_CLERK   26-AUG-06                      
        135 Gee                       ST_CLERK   12-DEC-07                      
        136 Philtanker                ST_CLERK   06-FEB-08                      
        137 Ladwig                    ST_CLERK   14-JUL-03                      
        138 Stiles                    ST_CLERK   26-OCT-05                      
        139 Seo                       ST_CLERK   12-FEB-06                      
        140 Patel                     ST_CLERK   06-APR-06                      
        141 Rajs                      ST_CLERK   17-OCT-03                      
        142 Davies                    ST_CLERK   29-JAN-05                      
        143 Matos                     ST_CLERK   15-MAR-06                      

EMPLOYEE_ID LAST_NAME                 JOB_ID     STARTDATE                      
----------- ------------------------- ---------- ---------                      
        144 Vargas                    ST_CLERK   09-JUL-06                      
        145 Russell                   SA_MAN     01-OCT-04                      
        146 Partners                  SA_MAN     05-JAN-05                      
        147 Errazuriz                 SA_MAN     10-MAR-05                      
        148 Cambrault                 SA_MAN     15-OCT-07                      
        149 Zlotkey                   SA_MAN     29-JAN-08                      
        150 Tucker                    SA_REP     30-JAN-05                      
        151 Bernstein                 SA_REP     24-MAR-05                      
        152 Hall                      SA_REP     20-AUG-05                      
        153 Olsen                     SA_REP     30-MAR-06                      
        154 Cambrault                 SA_REP     09-DEC-06                      

EMPLOYEE_ID LAST_NAME                 JOB_ID     STARTDATE                      
----------- ------------------------- ---------- ---------                      
        155 Tuvault                   SA_REP     23-NOV-07                      
        156 King                      SA_REP     30-JAN-04                      
        157 Sully                     SA_REP     04-MAR-04                      
        158 McEwen                    SA_REP     01-AUG-04                      
        159 Smith                     SA_REP     10-MAR-05                      
        160 Doran                     SA_REP     15-DEC-05                      
        161 Sewall                    SA_REP     03-NOV-06                      
        162 Vishney                   SA_REP     11-NOV-05                      
        163 Greene                    SA_REP     19-MAR-07                      
        164 Marvins                   SA_REP     24-JAN-08                      
        165 Lee                       SA_REP     23-FEB-08                      

EMPLOYEE_ID LAST_NAME                 JOB_ID     STARTDATE                      
----------- ------------------------- ---------- ---------                      
        166 Ande                      SA_REP     24-MAR-08                      
        167 Banda                     SA_REP     21-APR-08                      
        168 Ozer                      SA_REP     11-MAR-05                      
        169 Bloom                     SA_REP     23-MAR-06                      
        170 Fox                       SA_REP     24-JAN-06                      
        171 Smith                     SA_REP     23-FEB-07                      
        172 Bates                     SA_REP     24-MAR-07                      
        173 Kumar                     SA_REP     21-APR-08                      
        174 Abel                      SA_REP     11-MAY-04                      
        175 Hutton                    SA_REP     19-MAR-05                      
        176 Taylor                    SA_REP     24-MAR-06                      

EMPLOYEE_ID LAST_NAME                 JOB_ID     STARTDATE                      
----------- ------------------------- ---------- ---------                      
        177 Livingston                SA_REP     23-APR-06                      
        178 Grant                     SA_REP     24-MAY-07                      
        179 Johnson                   SA_REP     04-JAN-08                      
        180 Taylor                    SH_CLERK   24-JAN-06                      
        181 Fleaur                    SH_CLERK   23-FEB-06                      
        182 Sullivan                  SH_CLERK   21-JUN-07                      
        183 Geoni                     SH_CLERK   03-FEB-08                      
        184 Sarchand                  SH_CLERK   27-JAN-04                      
        185 Bull                      SH_CLERK   20-FEB-05                      
        186 Dellinger                 SH_CLERK   24-JUN-06                      
        187 Cabrio                    SH_CLERK   07-FEB-07                      

EMPLOYEE_ID LAST_NAME                 JOB_ID     STARTDATE                      
----------- ------------------------- ---------- ---------                      
        188 Chung                     SH_CLERK   14-JUN-05                      
        189 Dilly                     SH_CLERK   13-AUG-05                      
        190 Gates                     SH_CLERK   11-JUL-06                      
        191 Perkins                   SH_CLERK   19-DEC-07                      
        192 Bell                      SH_CLERK   04-FEB-04                      
        193 Everett                   SH_CLERK   03-MAR-05                      
        194 McCain                    SH_CLERK   01-JUL-06                      
        195 Jones                     SH_CLERK   17-MAR-07                      
        196 Walsh                     SH_CLERK   24-APR-06                      
        197 Feeney                    SH_CLERK   23-MAY-06                      
        198 OConnell                  SH_CLERK   21-JUN-07                      

EMPLOYEE_ID LAST_NAME                 JOB_ID     STARTDATE                      
----------- ------------------------- ---------- ---------                      
        199 Grant                     SH_CLERK   13-JAN-08                      
        200 Whalen                    AD_ASST    17-SEP-03                      
        201 Hartstein                 MK_MAN     17-FEB-04                      
        202 Fay                       MK_REP     17-AUG-05                      
        203 Mavris                    HR_REP     07-JUN-02                      
        204 Baer                      PR_REP     07-JUN-02                      
        205 Higgins                   AC_MGR     07-JUN-02                      
        206 Gietz                     AC_ACCOUNT 07-JUN-02                      

107 rows selected.

SQL> select distinct job_id
  2  from employees;

JOB_ID                                                                          
----------                                                                      
AC_ACCOUNT                                                                      
AC_MGR                                                                          
AD_ASST                                                                         
AD_PRES                                                                         
AD_VP                                                                           
FI_ACCOUNT                                                                      
FI_MGR                                                                          
HR_REP                                                                          
IT_PROG                                                                         
MK_MAN                                                                          
MK_REP                                                                          

JOB_ID                                                                          
----------                                                                      
PR_REP                                                                          
PU_CLERK                                                                        
PU_MAN                                                                          
SA_MAN                                                                          
SA_REP                                                                          
SH_CLERK                                                                        
ST_CLERK                                                                        
ST_MAN                                                                          

19 rows selected.

SQL> conn scott/hr
ERROR:
ORA-01017: invalid username/password; logon denied 


Warning: You are no longer connected to ORACLE.
SQL> conn scott/tiger
Connected.
SQL> select * from tab;

TNAME                          TABTYPE  CLUSTERID                               
------------------------------ ------- ----------                               
BONUS                          TABLE                                            
DEPT                           TABLE                                            
EMP                            TABLE                                            
SALGRADE                       TABLE                                            

SQL> desc emp;
 Name                                      Null?    Type
 ----------------------------------------- -------- ----------------------------
 EMPNO                                     NOT NULL NUMBER(4)
 ENAME                                              VARCHAR2(10)
 JOB                                                VARCHAR2(9)
 MGR                                                NUMBER(4)
 HIREDATE                                           DATE
 SAL                                                NUMBER(7,2)
 COMM                                               NUMBER(7,2)
 DEPTNO                                             NUMBER(2)

SQL> desc salgrade
 Name                                      Null?    Type
 ----------------------------------------- -------- ----------------------------
 GRADE                                              NUMBER
 LOSAL                                              NUMBER
 HISAL                                              NUMBER

SQL> conn hr/hr
Connected.
SQL> select * from tab;

TNAME                          TABTYPE  CLUSTERID                               
------------------------------ ------- ----------                               
COUNTRIES                      TABLE                                            
DEPARTMENTS                    TABLE                                            
EMPLOYEES                      TABLE                                            
EMP_DETAILS_VIEW               VIEW                                             
JOBS                           TABLE                                            
JOB_HISTORY                    TABLE                                            
LOCATIONS                      TABLE                                            
REGIONS                        TABLE                                            

8 rows selected.

SQL> SELECT e.last_name, e.department_id, d.department_name
  2  FROM   employees e LEFT OUTER JOIN departments d
  3  ON   (e.department_id = d.department_id) ;

LAST_NAME                 DEPARTMENT_ID DEPARTMENT_NAME                         
------------------------- ------------- ------------------------------          
Whalen                               10 Administration                          
Fay                                  20 Marketing                               
Hartstein                            20 Marketing                               
Colmenares                           30 Purchasing                              
Himuro                               30 Purchasing                              
Tobias                               30 Purchasing                              
Baida                                30 Purchasing                              
Khoo                                 30 Purchasing                              
Raphaely                             30 Purchasing                              
Mavris                               40 Human Resources                         
Grant                                50 Shipping                                

LAST_NAME                 DEPARTMENT_ID DEPARTMENT_NAME                         
------------------------- ------------- ------------------------------          
OConnell                             50 Shipping                                
Feeney                               50 Shipping                                
Walsh                                50 Shipping                                
Jones                                50 Shipping                                
McCain                               50 Shipping                                
Everett                              50 Shipping                                
Bell                                 50 Shipping                                
Perkins                              50 Shipping                                
Gates                                50 Shipping                                
Dilly                                50 Shipping                                
Chung                                50 Shipping                                

LAST_NAME                 DEPARTMENT_ID DEPARTMENT_NAME                         
------------------------- ------------- ------------------------------          
Cabrio                               50 Shipping                                
Dellinger                            50 Shipping                                
Bull                                 50 Shipping                                
Sarchand                             50 Shipping                                
Geoni                                50 Shipping                                
Sullivan                             50 Shipping                                
Fleaur                               50 Shipping                                
Taylor                               50 Shipping                                
Vargas                               50 Shipping                                
Matos                                50 Shipping                                
Davies                               50 Shipping                                

LAST_NAME                 DEPARTMENT_ID DEPARTMENT_NAME                         
------------------------- ------------- ------------------------------          
Rajs                                 50 Shipping                                
Patel                                50 Shipping                                
Seo                                  50 Shipping                                
Stiles                               50 Shipping                                
Ladwig                               50 Shipping                                
Philtanker                           50 Shipping                                
Gee                                  50 Shipping                                
Rogers                               50 Shipping                                
Mallin                               50 Shipping                                
Olson                                50 Shipping                                
Marlow                               50 Shipping                                

LAST_NAME                 DEPARTMENT_ID DEPARTMENT_NAME                         
------------------------- ------------- ------------------------------          
Atkinson                             50 Shipping                                
Bissot                               50 Shipping                                
Markle                               50 Shipping                                
Landry                               50 Shipping                                
Mikkilineni                          50 Shipping                                
Nayer                                50 Shipping                                
Mourgos                              50 Shipping                                
Vollman                              50 Shipping                                
Kaufling                             50 Shipping                                
Fripp                                50 Shipping                                
Weiss                                50 Shipping                                

LAST_NAME                 DEPARTMENT_ID DEPARTMENT_NAME                         
------------------------- ------------- ------------------------------          
Lorentz                              60 IT                                      
Pataballa                            60 IT                                      
Austin                               60 IT                                      
Ernst                                60 IT                                      
Hunold                               60 IT                                      
Baer                                 70 Public Relations                        
Johnson                              80 Sales                                   
Livingston                           80 Sales                                   
Taylor                               80 Sales                                   
Hutton                               80 Sales                                   
Abel                                 80 Sales                                   

LAST_NAME                 DEPARTMENT_ID DEPARTMENT_NAME                         
------------------------- ------------- ------------------------------          
Kumar                                80 Sales                                   
Bates                                80 Sales                                   
Smith                                80 Sales                                   
Fox                                  80 Sales                                   
Bloom                                80 Sales                                   
Ozer                                 80 Sales                                   
Banda                                80 Sales                                   
Ande                                 80 Sales                                   
Lee                                  80 Sales                                   
Marvins                              80 Sales                                   
Greene                               80 Sales                                   

LAST_NAME                 DEPARTMENT_ID DEPARTMENT_NAME                         
------------------------- ------------- ------------------------------          
Vishney                              80 Sales                                   
Sewall                               80 Sales                                   
Doran                                80 Sales                                   
Smith                                80 Sales                                   
McEwen                               80 Sales                                   
Sully                                80 Sales                                   
King                                 80 Sales                                   
Tuvault                              80 Sales                                   
Cambrault                            80 Sales                                   
Olsen                                80 Sales                                   
Hall                                 80 Sales                                   

LAST_NAME                 DEPARTMENT_ID DEPARTMENT_NAME                         
------------------------- ------------- ------------------------------          
Bernstein                            80 Sales                                   
Tucker                               80 Sales                                   
Zlotkey                              80 Sales                                   
Cambrault                            80 Sales                                   
Errazuriz                            80 Sales                                   
Partners                             80 Sales                                   
Russell                              80 Sales                                   
De Haan                              90 Executive                               
Kochhar                              90 Executive                               
King                                 90 Executive                               
Popp                                100 Finance                                 

LAST_NAME                 DEPARTMENT_ID DEPARTMENT_NAME                         
------------------------- ------------- ------------------------------          
Urman                               100 Finance                                 
Sciarra                             100 Finance                                 
Chen                                100 Finance                                 
Faviet                              100 Finance                                 
Greenberg                           100 Finance                                 
Gietz                               110 Accounting                              
Higgins                             110 Accounting                              
Grant                                                                           

107 rows selected.

SQL> ed
Wrote file afiedt.buf

  1  SELECT e.last_name, e.department_id, d.department_name
  2  FROM   departments d LEFT OUTER JOIN employees e
  3* ON   (e.department_id = d.department_id) 
SQL> 
SQL> ed
Wrote file afiedt.buf

  1  SELECT e.last_name, e.department_id, d.department_name
  2  FROM   departments d LEFT OUTER JOIN employees e
  3* ON   (e.department_id = d.department_id); 
SQL> ed
Wrote file afiedt.buf

  1  SELECT e.last_name, e.department_id, d.department_name
  2  FROM   departments d LEFT OUTER JOIN employees e
  3* ON   (d.department_id = e.department_id); 
SQL> ed
Wrote file afiedt.buf

  1  SELECT e.last_name, e.department_id, d.department_name
  2  FROM   departments d LEFT OUTER JOIN employees e
  3* ON   (d.department_id = e.department_id); 
SQL> SELECT e.last_name, e.department_id, d.department_name
  2  FROM   employees e LEFT OUTER JOIN departments d
  3  ON   (e.department_id = d.department_id) ;

LAST_NAME                 DEPARTMENT_ID DEPARTMENT_NAME                         
------------------------- ------------- ------------------------------          
Whalen                               10 Administration                          
Fay                                  20 Marketing                               
Hartstein                            20 Marketing                               
Colmenares                           30 Purchasing                              
Himuro                               30 Purchasing                              
Tobias                               30 Purchasing                              
Baida                                30 Purchasing                              
Khoo                                 30 Purchasing                              
Raphaely                             30 Purchasing                              
Mavris                               40 Human Resources                         
Grant                                50 Shipping                                

LAST_NAME                 DEPARTMENT_ID DEPARTMENT_NAME                         
------------------------- ------------- ------------------------------          
OConnell                             50 Shipping                                
Feeney                               50 Shipping                                
Walsh                                50 Shipping                                
Jones                                50 Shipping                                
McCain                               50 Shipping                                
Everett                              50 Shipping                                
Bell                                 50 Shipping                                
Perkins                              50 Shipping                                
Gates                                50 Shipping                                
Dilly                                50 Shipping                                
Chung                                50 Shipping                                

LAST_NAME                 DEPARTMENT_ID DEPARTMENT_NAME                         
------------------------- ------------- ------------------------------          
Cabrio                               50 Shipping                                
Dellinger                            50 Shipping                                
Bull                                 50 Shipping                                
Sarchand                             50 Shipping                                
Geoni                                50 Shipping                                
Sullivan                             50 Shipping                                
Fleaur                               50 Shipping                                
Taylor                               50 Shipping                                
Vargas                               50 Shipping                                
Matos                                50 Shipping                                
Davies                               50 Shipping                                

LAST_NAME                 DEPARTMENT_ID DEPARTMENT_NAME                         
------------------------- ------------- ------------------------------          
Rajs                                 50 Shipping                                
Patel                                50 Shipping                                
Seo                                  50 Shipping                                
Stiles                               50 Shipping                                
Ladwig                               50 Shipping                                
Philtanker                           50 Shipping                                
Gee                                  50 Shipping                                
Rogers                               50 Shipping                                
Mallin                               50 Shipping                                
Olson                                50 Shipping                                
Marlow                               50 Shipping                                

LAST_NAME                 DEPARTMENT_ID DEPARTMENT_NAME                         
------------------------- ------------- ------------------------------          
Atkinson                             50 Shipping                                
Bissot                               50 Shipping                                
Markle                               50 Shipping                                
Landry                               50 Shipping                                
Mikkilineni                          50 Shipping                                
Nayer                                50 Shipping                                
Mourgos                              50 Shipping                                
Vollman                              50 Shipping                                
Kaufling                             50 Shipping                                
Fripp                                50 Shipping                                
Weiss                                50 Shipping                                

LAST_NAME                 DEPARTMENT_ID DEPARTMENT_NAME                         
------------------------- ------------- ------------------------------          
Lorentz                              60 IT                                      
Pataballa                            60 IT                                      
Austin                               60 IT                                      
Ernst                                60 IT                                      
Hunold                               60 IT                                      
Baer                                 70 Public Relations                        
Johnson                              80 Sales                                   
Livingston                           80 Sales                                   
Taylor                               80 Sales                                   
Hutton                               80 Sales                                   
Abel                                 80 Sales                                   

LAST_NAME                 DEPARTMENT_ID DEPARTMENT_NAME                         
------------------------- ------------- ------------------------------          
Kumar                                80 Sales                                   
Bates                                80 Sales                                   
Smith                                80 Sales                                   
Fox                                  80 Sales                                   
Bloom                                80 Sales                                   
Ozer                                 80 Sales                                   
Banda                                80 Sales                                   
Ande                                 80 Sales                                   
Lee                                  80 Sales                                   
Marvins                              80 Sales                                   
Greene                               80 Sales                                   

LAST_NAME                 DEPARTMENT_ID DEPARTMENT_NAME                         
------------------------- ------------- ------------------------------          
Vishney                              80 Sales                                   
Sewall                               80 Sales                                   
Doran                                80 Sales                                   
Smith                                80 Sales                                   
McEwen                               80 Sales                                   
Sully                                80 Sales                                   
King                                 80 Sales                                   
Tuvault                              80 Sales                                   
Cambrault                            80 Sales                                   
Olsen                                80 Sales                                   
Hall                                 80 Sales                                   

LAST_NAME                 DEPARTMENT_ID DEPARTMENT_NAME                         
------------------------- ------------- ------------------------------          
Bernstein                            80 Sales                                   
Tucker                               80 Sales                                   
Zlotkey                              80 Sales                                   
Cambrault                            80 Sales                                   
Errazuriz                            80 Sales                                   
Partners                             80 Sales                                   
Russell                              80 Sales                                   
De Haan                              90 Executive                               
Kochhar                              90 Executive                               
King                                 90 Executive                               
Popp                                100 Finance                                 

LAST_NAME                 DEPARTMENT_ID DEPARTMENT_NAME                         
------------------------- ------------- ------------------------------          
Urman                               100 Finance                                 
Sciarra                             100 Finance                                 
Chen                                100 Finance                                 
Faviet                              100 Finance                                 
Greenberg                           100 Finance                                 
Gietz                               110 Accounting                              
Higgins                             110 Accounting                              
Grant                                                                           

107 rows selected.

SQL> ed
Wrote file afiedt.buf

  1  SELECT e.last_name, e.department_id, d.department_name
  2  FROM   employees e RIGHT OUTER JOIN departments d
  3* ON   (e.department_id = d.department_id) 
SQL> ed
Wrote file afiedt.buf

  1  SELECT e.last_name, e.department_id, d.department_name
  2  FROM   employees e RIGHT OUTER JOIN departments d
  3* ON   (e.department_id = d.department_id);
SQL> ed
Wrote file afiedt.buf

  1  SELECT e.last_name, e.department_id, d.department_name
  2  FROM   employees e RIGHT OUTER JOIN departments d
  3* ON   (e.department_id = d.department_id);
SQL> 
SQL> SELECT e.last_name, e.department_id, d.department_name
  2  FROM   employees e RIGHT OUTER JOIN departments d
  3  ON    (e.department_id = d.department_id) ;

LAST_NAME                 DEPARTMENT_ID DEPARTMENT_NAME                         
------------------------- ------------- ------------------------------          
Whalen                               10 Administration                          
Fay                                  20 Marketing                               
Hartstein                            20 Marketing                               
Tobias                               30 Purchasing                              
Colmenares                           30 Purchasing                              
Baida                                30 Purchasing                              
Raphaely                             30 Purchasing                              
Khoo                                 30 Purchasing                              
Himuro                               30 Purchasing                              
Mavris                               40 Human Resources                         
Feeney                               50 Shipping                                

LAST_NAME                 DEPARTMENT_ID DEPARTMENT_NAME                         
------------------------- ------------- ------------------------------          
Fleaur                               50 Shipping                                
Fripp                                50 Shipping                                
Gates                                50 Shipping                                
Gee                                  50 Shipping                                
Geoni                                50 Shipping                                
Grant                                50 Shipping                                
Jones                                50 Shipping                                
Kaufling                             50 Shipping                                
Ladwig                               50 Shipping                                
Everett                              50 Shipping                                
Dilly                                50 Shipping                                

LAST_NAME                 DEPARTMENT_ID DEPARTMENT_NAME                         
------------------------- ------------- ------------------------------          
Dellinger                            50 Shipping                                
Davies                               50 Shipping                                
Chung                                50 Shipping                                
Cabrio                               50 Shipping                                
Bull                                 50 Shipping                                
Bissot                               50 Shipping                                
Bell                                 50 Shipping                                
Atkinson                             50 Shipping                                
Landry                               50 Shipping                                
Weiss                                50 Shipping                                
Walsh                                50 Shipping                                

LAST_NAME                 DEPARTMENT_ID DEPARTMENT_NAME                         
------------------------- ------------- ------------------------------          
Vollman                              50 Shipping                                
Vargas                               50 Shipping                                
Taylor                               50 Shipping                                
Mallin                               50 Shipping                                
Markle                               50 Shipping                                
Marlow                               50 Shipping                                
Matos                                50 Shipping                                
McCain                               50 Shipping                                
Mikkilineni                          50 Shipping                                
Mourgos                              50 Shipping                                
Nayer                                50 Shipping                                

LAST_NAME                 DEPARTMENT_ID DEPARTMENT_NAME                         
------------------------- ------------- ------------------------------          
OConnell                             50 Shipping                                
Olson                                50 Shipping                                
Patel                                50 Shipping                                
Perkins                              50 Shipping                                
Philtanker                           50 Shipping                                
Rajs                                 50 Shipping                                
Rogers                               50 Shipping                                
Sarchand                             50 Shipping                                
Seo                                  50 Shipping                                
Stiles                               50 Shipping                                
Sullivan                             50 Shipping                                

LAST_NAME                 DEPARTMENT_ID DEPARTMENT_NAME                         
------------------------- ------------- ------------------------------          
Austin                               60 IT                                      
Pataballa                            60 IT                                      
Ernst                                60 IT                                      
Lorentz                              60 IT                                      
Hunold                               60 IT                                      
Baer                                 70 Public Relations                        
Abel                                 80 Sales                                   
Ande                                 80 Sales                                   
Banda                                80 Sales                                   
Bates                                80 Sales                                   
Bernstein                            80 Sales                                   

LAST_NAME                 DEPARTMENT_ID DEPARTMENT_NAME                         
------------------------- ------------- ------------------------------          
Bloom                                80 Sales                                   
Cambrault                            80 Sales                                   
Cambrault                            80 Sales                                   
Doran                                80 Sales                                   
Errazuriz                            80 Sales                                   
Fox                                  80 Sales                                   
Greene                               80 Sales                                   
Hall                                 80 Sales                                   
Hutton                               80 Sales                                   
Johnson                              80 Sales                                   
King                                 80 Sales                                   

LAST_NAME                 DEPARTMENT_ID DEPARTMENT_NAME                         
------------------------- ------------- ------------------------------          
Kumar                                80 Sales                                   
Lee                                  80 Sales                                   
Livingston                           80 Sales                                   
Marvins                              80 Sales                                   
McEwen                               80 Sales                                   
Olsen                                80 Sales                                   
Ozer                                 80 Sales                                   
Partners                             80 Sales                                   
Russell                              80 Sales                                   
Sewall                               80 Sales                                   
Smith                                80 Sales                                   

LAST_NAME                 DEPARTMENT_ID DEPARTMENT_NAME                         
------------------------- ------------- ------------------------------          
Smith                                80 Sales                                   
Sully                                80 Sales                                   
Taylor                               80 Sales                                   
Tucker                               80 Sales                                   
Tuvault                              80 Sales                                   
Vishney                              80 Sales                                   
Zlotkey                              80 Sales                                   
Kochhar                              90 Executive                               
King                                 90 Executive                               
De Haan                              90 Executive                               
Popp                                100 Finance                                 

LAST_NAME                 DEPARTMENT_ID DEPARTMENT_NAME                         
------------------------- ------------- ------------------------------          
Urman                               100 Finance                                 
Chen                                100 Finance                                 
Faviet                              100 Finance                                 
Sciarra                             100 Finance                                 
Greenberg                           100 Finance                                 
Gietz                               110 Accounting                              
Higgins                             110 Accounting                              
                                        Treasury                                
                                        Corporate Tax                           
                                        Control And Credit                      
                                        Shareholder Services                    

LAST_NAME                 DEPARTMENT_ID DEPARTMENT_NAME                         
------------------------- ------------- ------------------------------          
                                        Benefits                                
                                        Manufacturing                           
                                        Construction                            
                                        Contracting                             
                                        Operations                              
                                        IT Support                              
                                        NOC                                     
                                        IT Helpdesk                             
                                        Government Sales                        
                                        Retail Sales                            
                                        Recruiting                              

LAST_NAME                 DEPARTMENT_ID DEPARTMENT_NAME                         
------------------------- ------------- ------------------------------          
                                        Payroll                                 

122 rows selected.

SQL> grant select
  2  on employees
  3  from hr
  4  ;
from hr
*
ERROR at line 3:
ORA-00905: missing keyword 


SQL> SELECT last_name, job_id, salary
  2  FROM   employees
  3  WHERE  job_id =
  4                  (SELECT job_id
  5                   FROM   employees
  6                   WHERE  employee_id = 141)
  7  AND    salary >
  8                  (SELECT salary
  9                   FROM   employees
 10                   WHERE  employee_id = 143);

LAST_NAME                 JOB_ID         SALARY                                 
------------------------- ---------- ----------                                 
Nayer                     ST_CLERK         3200                                 
Mikkilineni               ST_CLERK         2700                                 
Bissot                    ST_CLERK         3300                                 
Atkinson                  ST_CLERK         2800                                 
Mallin                    ST_CLERK         3300                                 
Rogers                    ST_CLERK         2900                                 
Ladwig                    ST_CLERK         3600                                 
Stiles                    ST_CLERK         3200                                 
Seo                       ST_CLERK         2700                                 
Rajs                      ST_CLERK         3500                                 
Davies                    ST_CLERK         3100                                 

11 rows selected.

SQL> ed
Wrote file afiedt.buf

  1  SELECT last_name, job_id, salary, employee_id
  2  FROM   employees
  3  WHERE  job_id =
  4                  (SELECT job_id
  5                   FROM   employees
  6                   WHERE  employee_id = 141)
  7  AND    salary >
  8                  (SELECT salary
  9                   FROM   employees
 10*                  WHERE  employee_id = 143)
SQL> ed
Wrote file afiedt.buf

  1  SELECT last_name, job_id, salary, employee_id
  2  FROM   employees
  3  WHERE  job_id =
  4                  (SELECT job_id
  5                   FROM   employees
  6                   WHERE  employee_id = 141)
  7  AND    salary >
  8                  (SELECT salary
  9                   FROM   employees
 10*                  WHERE  employee_id = 143)
SQL> ed
Wrote file afiedt.buf

  1  SELECT last_name, job_id, salary, employee_id
  2  FROM   employees
  3  WHERE  job_id =
  4                  (SELECT job_id
  5                   FROM   employees
  6                   WHERE  employee_id = 141)
  7  AND    salary >
  8                  (SELECT salary
  9                   FROM   employees
 10*                  WHERE  employee_id = 143);
SQL> SELECT last_name, job_id, salary, employee_id
  2  FROM   employees
  3  WHERE  job_id =
  4                  (SELECT job_id
  5                   FROM   employees
  6                   WHERE  employee_id = 141)
  7  AND    salary >
  8                  (SELECT salary
  9                   FROM   employees
 10                   WHERE  employee_id = 143);

LAST_NAME                 JOB_ID         SALARY EMPLOYEE_ID                     
------------------------- ---------- ---------- -----------                     
Nayer                     ST_CLERK         3200         125                     
Mikkilineni               ST_CLERK         2700         126                     
Bissot                    ST_CLERK         3300         129                     
Atkinson                  ST_CLERK         2800         130                     
Mallin                    ST_CLERK         3300         133                     
Rogers                    ST_CLERK         2900         134                     
Ladwig                    ST_CLERK         3600         137                     
Stiles                    ST_CLERK         3200         138                     
Seo                       ST_CLERK         2700         139                     
Rajs                      ST_CLERK         3500         141                     
Davies                    ST_CLERK         3100         142                     

11 rows selected.

SQL> SELECT DEPARTMENT_ID,
  2   DEPARTMENT_NAME
  3  FROM DEPARTMENTS D
  4  WHERE NOT EXISTS
  5   (
  6   SELECT  1
  7   FROM EMPLOYEES E
  8   WHERE E.DEPARTMENT_ID = D.DEPARTMENT_ID)
  9  ;

DEPARTMENT_ID DEPARTMENT_NAME                                                   
------------- ------------------------------                                    
          120 Treasury                                                          
          130 Corporate Tax                                                     
          140 Control And Credit                                                
          150 Shareholder Services                                              
          160 Benefits                                                          
          170 Manufacturing                                                     
          180 Construction                                                      
          190 Contracting                                                       
          200 Operations                                                        
          210 IT Support                                                        
          220 NOC                                                               

DEPARTMENT_ID DEPARTMENT_NAME                                                   
------------- ------------------------------                                    
          230 IT Helpdesk                                                       
          240 Government Sales                                                  
          250 Retail Sales                                                      
          260 Recruiting                                                        
          270 Payroll                                                           

16 rows selected.

SQL> SELECT employee_id, last_name, job_id, salary
  2  FROM   employees
  3  WHERE  salary = ANY
  4                      (SELECT salary
  5                       FROM   employees
  6                       WHERE  job_id = 'IT_PROG')
  7  AND    job_id <> 'IT_PROG';

EMPLOYEE_ID LAST_NAME                 JOB_ID         SALARY                     
----------- ------------------------- ---------- ----------                     
        158 McEwen                    SA_REP           9000                     
        152 Hall                      SA_REP           9000                     
        109 Faviet                    FI_ACCOUNT       9000                     
        202 Fay                       MK_REP           6000                     
        184 Sarchand                  SH_CLERK         4200                     

SQL> SELECT employee_id, last_name, job_id, salary
  2  FROM   employees
  3  WHERE  salary < All
  4                      (SELECT salary
  5                       FROM   employees
  6                       WHERE  job_id = 'IT_PROG')
  7  AND    job_id <> 'IT_PROG';

EMPLOYEE_ID LAST_NAME                 JOB_ID         SALARY                     
----------- ------------------------- ---------- ----------                     
        185 Bull                      SH_CLERK         4100                     
        192 Bell                      SH_CLERK         4000                     
        193 Everett                   SH_CLERK         3900                     
        188 Chung                     SH_CLERK         3800                     
        137 Ladwig                    ST_CLERK         3600                     
        189 Dilly                     SH_CLERK         3600                     
        141 Rajs                      ST_CLERK         3500                     
        186 Dellinger                 SH_CLERK         3400                     
        133 Mallin                    ST_CLERK         3300                     
        129 Bissot                    ST_CLERK         3300                     
        180 Taylor                    SH_CLERK         3200                     

EMPLOYEE_ID LAST_NAME                 JOB_ID         SALARY                     
----------- ------------------------- ---------- ----------                     
        138 Stiles                    ST_CLERK         3200                     
        125 Nayer                     ST_CLERK         3200                     
        194 McCain                    SH_CLERK         3200                     
        115 Khoo                      PU_CLERK         3100                     
        196 Walsh                     SH_CLERK         3100                     
        142 Davies                    ST_CLERK         3100                     
        181 Fleaur                    SH_CLERK         3100                     
        187 Cabrio                    SH_CLERK         3000                     
        197 Feeney                    SH_CLERK         3000                     
        116 Baida                     PU_CLERK         2900                     
        190 Gates                     SH_CLERK         2900                     

EMPLOYEE_ID LAST_NAME                 JOB_ID         SALARY                     
----------- ------------------------- ---------- ----------                     
        134 Rogers                    ST_CLERK         2900                     
        183 Geoni                     SH_CLERK         2800                     
        130 Atkinson                  ST_CLERK         2800                     
        117 Tobias                    PU_CLERK         2800                     
        195 Jones                     SH_CLERK         2800                     
        126 Mikkilineni               ST_CLERK         2700                     
        139 Seo                       ST_CLERK         2700                     
        143 Matos                     ST_CLERK         2600                     
        199 Grant                     SH_CLERK         2600                     
        118 Himuro                    PU_CLERK         2600                     
        198 OConnell                  SH_CLERK         2600                     

EMPLOYEE_ID LAST_NAME                 JOB_ID         SALARY                     
----------- ------------------------- ---------- ----------                     
        140 Patel                     ST_CLERK         2500                     
        131 Marlow                    ST_CLERK         2500                     
        119 Colmenares                PU_CLERK         2500                     
        191 Perkins                   SH_CLERK         2500                     
        182 Sullivan                  SH_CLERK         2500                     
        144 Vargas                    ST_CLERK         2500                     
        127 Landry                    ST_CLERK         2400                     
        135 Gee                       ST_CLERK         2400                     
        128 Markle                    ST_CLERK         2200                     
        136 Philtanker                ST_CLERK         2200                     
        132 Olson                     ST_CLERK         2100                     

44 rows selected.

SQL> ed
Wrote file afiedt.buf

  1  SELECT employee_id, last_name, job_id, salary
  2  FROM   employees
  3  WHERE  salary = any
  4                      (SELECT salary
  5                       FROM   employees
  6                       WHERE  job_id = 'IT_PROG')
  7* AND    job_id <> 'IT_PROG'
SQL> SELECT employee_id, last_name, job_id, salary
  2  FROM   employees
  3  WHERE  salary = any
  4                      (SELECT salary
  5                       FROM   employees
  6                       WHERE  job_id = 'IT_PROG')
  7  AND    job_id <> 'IT_PROG';

EMPLOYEE_ID LAST_NAME                 JOB_ID         SALARY                     
----------- ------------------------- ---------- ----------                     
        158 McEwen                    SA_REP           9000                     
        152 Hall                      SA_REP           9000                     
        109 Faviet                    FI_ACCOUNT       9000                     
        202 Fay                       MK_REP           6000                     
        184 Sarchand                  SH_CLERK         4200                     

SQL> SELECT employee_id, job_id
  2  FROM   employees
  3  UNION
  4  SELECT employee_id, job_id
  5  FROM   job_history;

EMPLOYEE_ID JOB_ID                                                              
----------- ----------                                                          
        100 AD_PRES                                                             
        101 AC_ACCOUNT                                                          
        101 AC_MGR                                                              
        101 AD_VP                                                               
        102 AD_VP                                                               
        102 IT_PROG                                                             
        103 IT_PROG                                                             
        104 IT_PROG                                                             
        105 IT_PROG                                                             
        106 IT_PROG                                                             
        107 IT_PROG                                                             

EMPLOYEE_ID JOB_ID                                                              
----------- ----------                                                          
        108 FI_MGR                                                              
        109 FI_ACCOUNT                                                          
        110 FI_ACCOUNT                                                          
        111 FI_ACCOUNT                                                          
        112 FI_ACCOUNT                                                          
        113 FI_ACCOUNT                                                          
        114 PU_MAN                                                              
        114 ST_CLERK                                                            
        115 PU_CLERK                                                            
        116 PU_CLERK                                                            
        117 PU_CLERK                                                            

EMPLOYEE_ID JOB_ID                                                              
----------- ----------                                                          
        118 PU_CLERK                                                            
        119 PU_CLERK                                                            
        120 ST_MAN                                                              
        121 ST_MAN                                                              
        122 ST_CLERK                                                            
        122 ST_MAN                                                              
        123 ST_MAN                                                              
        124 ST_MAN                                                              
        125 ST_CLERK                                                            
        126 ST_CLERK                                                            
        127 ST_CLERK                                                            

EMPLOYEE_ID JOB_ID                                                              
----------- ----------                                                          
        128 ST_CLERK                                                            
        129 ST_CLERK                                                            
        130 ST_CLERK                                                            
        131 ST_CLERK                                                            
        132 ST_CLERK                                                            
        133 ST_CLERK                                                            
        134 ST_CLERK                                                            
        135 ST_CLERK                                                            
        136 ST_CLERK                                                            
        137 ST_CLERK                                                            
        138 ST_CLERK                                                            

EMPLOYEE_ID JOB_ID                                                              
----------- ----------                                                          
        139 ST_CLERK                                                            
        140 ST_CLERK                                                            
        141 ST_CLERK                                                            
        142 ST_CLERK                                                            
        143 ST_CLERK                                                            
        144 ST_CLERK                                                            
        145 SA_MAN                                                              
        146 SA_MAN                                                              
        147 SA_MAN                                                              
        148 SA_MAN                                                              
        149 SA_MAN                                                              

EMPLOYEE_ID JOB_ID                                                              
----------- ----------                                                          
        150 SA_REP                                                              
        151 SA_REP                                                              
        152 SA_REP                                                              
        153 SA_REP                                                              
        154 SA_REP                                                              
        155 SA_REP                                                              
        156 SA_REP                                                              
        157 SA_REP                                                              
        158 SA_REP                                                              
        159 SA_REP                                                              
        160 SA_REP                                                              

EMPLOYEE_ID JOB_ID                                                              
----------- ----------                                                          
        161 SA_REP                                                              
        162 SA_REP                                                              
        163 SA_REP                                                              
        164 SA_REP                                                              
        165 SA_REP                                                              
        166 SA_REP                                                              
        167 SA_REP                                                              
        168 SA_REP                                                              
        169 SA_REP                                                              
        170 SA_REP                                                              
        171 SA_REP                                                              

EMPLOYEE_ID JOB_ID                                                              
----------- ----------                                                          
        172 SA_REP                                                              
        173 SA_REP                                                              
        174 SA_REP                                                              
        175 SA_REP                                                              
        176 SA_MAN                                                              
        176 SA_REP                                                              
        177 SA_REP                                                              
        178 SA_REP                                                              
        179 SA_REP                                                              
        180 SH_CLERK                                                            
        181 SH_CLERK                                                            

EMPLOYEE_ID JOB_ID                                                              
----------- ----------                                                          
        182 SH_CLERK                                                            
        183 SH_CLERK                                                            
        184 SH_CLERK                                                            
        185 SH_CLERK                                                            
        186 SH_CLERK                                                            
        187 SH_CLERK                                                            
        188 SH_CLERK                                                            
        189 SH_CLERK                                                            
        190 SH_CLERK                                                            
        191 SH_CLERK                                                            
        192 SH_CLERK                                                            

EMPLOYEE_ID JOB_ID                                                              
----------- ----------                                                          
        193 SH_CLERK                                                            
        194 SH_CLERK                                                            
        195 SH_CLERK                                                            
        196 SH_CLERK                                                            
        197 SH_CLERK                                                            
        198 SH_CLERK                                                            
        199 SH_CLERK                                                            
        200 AC_ACCOUNT                                                          
        200 AD_ASST                                                             
        201 MK_MAN                                                              
        201 MK_REP                                                              

EMPLOYEE_ID JOB_ID                                                              
----------- ----------                                                          
        202 MK_REP                                                              
        203 HR_REP                                                              
        204 PR_REP                                                              
        205 AC_MGR                                                              
        206 AC_ACCOUNT                                                          

115 rows selected.

SQL> SELECT employee_id, job_id
  2  FROM   employees
  3  UNION
  4  SELECT employee_id, job_id
  5  FROM   job_history;

EMPLOYEE_ID JOB_ID                                                              
----------- ----------                                                          
        100 AD_PRES                                                             
        101 AC_ACCOUNT                                                          
        101 AC_MGR                                                              
        101 AD_VP                                                               
        102 AD_VP                                                               
        102 IT_PROG                                                             
        103 IT_PROG                                                             
        104 IT_PROG                                                             
        105 IT_PROG                                                             
        106 IT_PROG                                                             
        107 IT_PROG                                                             

EMPLOYEE_ID JOB_ID                                                              
----------- ----------                                                          
        108 FI_MGR                                                              
        109 FI_ACCOUNT                                                          
        110 FI_ACCOUNT                                                          
        111 FI_ACCOUNT                                                          
        112 FI_ACCOUNT                                                          
        113 FI_ACCOUNT                                                          
        114 PU_MAN                                                              
        114 ST_CLERK                                                            
        115 PU_CLERK                                                            
        116 PU_CLERK                                                            
        117 PU_CLERK                                                            

EMPLOYEE_ID JOB_ID                                                              
----------- ----------                                                          
        118 PU_CLERK                                                            
        119 PU_CLERK                                                            
        120 ST_MAN                                                              
        121 ST_MAN                                                              
        122 ST_CLERK                                                            
        122 ST_MAN                                                              
        123 ST_MAN                                                              
        124 ST_MAN                                                              
        125 ST_CLERK                                                            
        126 ST_CLERK                                                            
        127 ST_CLERK                                                            

EMPLOYEE_ID JOB_ID                                                              
----------- ----------                                                          
        128 ST_CLERK                                                            
        129 ST_CLERK                                                            
        130 ST_CLERK                                                            
        131 ST_CLERK                                                            
        132 ST_CLERK                                                            
        133 ST_CLERK                                                            
        134 ST_CLERK                                                            
        135 ST_CLERK                                                            
        136 ST_CLERK                                                            
        137 ST_CLERK                                                            
        138 ST_CLERK                                                            

EMPLOYEE_ID JOB_ID                                                              
----------- ----------                                                          
        139 ST_CLERK                                                            
        140 ST_CLERK                                                            
        141 ST_CLERK                                                            
        142 ST_CLERK                                                            
        143 ST_CLERK                                                            
        144 ST_CLERK                                                            
        145 SA_MAN                                                              
        146 SA_MAN                                                              
        147 SA_MAN                                                              
        148 SA_MAN                                                              
        149 SA_MAN                                                              

EMPLOYEE_ID JOB_ID                                                              
----------- ----------                                                          
        150 SA_REP                                                              
        151 SA_REP                                                              
        152 SA_REP                                                              
        153 SA_REP                                                              
        154 SA_REP                                                              
        155 SA_REP                                                              
        156 SA_REP                                                              
        157 SA_REP                                                              
        158 SA_REP                                                              
        159 SA_REP                                                              
        160 SA_REP                                                              

EMPLOYEE_ID JOB_ID                                                              
----------- ----------                                                          
        161 SA_REP                                                              
        162 SA_REP                                                              
        163 SA_REP                                                              
        164 SA_REP                                                              
        165 SA_REP                                                              
        166 SA_REP                                                              
        167 SA_REP                                                              
        168 SA_REP                                                              
        169 SA_REP                                                              
        170 SA_REP                                                              
        171 SA_REP                                                              

EMPLOYEE_ID JOB_ID                                                              
----------- ----------                                                          
        172 SA_REP                                                              
        173 SA_REP                                                              
        174 SA_REP                                                              
        175 SA_REP                                                              
        176 SA_MAN                                                              
        176 SA_REP                                                              
        177 SA_REP                                                              
        178 SA_REP                                                              
        179 SA_REP                                                              
        180 SH_CLERK                                                            
        181 SH_CLERK                                                            

EMPLOYEE_ID JOB_ID                                                              
----------- ----------                                                          
        182 SH_CLERK                                                            
        183 SH_CLERK                                                            
        184 SH_CLERK                                                            
        185 SH_CLERK                                                            
        186 SH_CLERK                                                            
        187 SH_CLERK                                                            
        188 SH_CLERK                                                            
        189 SH_CLERK                                                            
        190 SH_CLERK                                                            
        191 SH_CLERK                                                            
        192 SH_CLERK                                                            

EMPLOYEE_ID JOB_ID                                                              
----------- ----------                                                          
        193 SH_CLERK                                                            
        194 SH_CLERK                                                            
        195 SH_CLERK                                                            
        196 SH_CLERK                                                            
        197 SH_CLERK                                                            
        198 SH_CLERK                                                            
        199 SH_CLERK                                                            
        200 AC_ACCOUNT                                                          
        200 AD_ASST                                                             
        201 MK_MAN                                                              
        201 MK_REP                                                              

EMPLOYEE_ID JOB_ID                                                              
----------- ----------                                                          
        202 MK_REP                                                              
        203 HR_REP                                                              
        204 PR_REP                                                              
        205 AC_MGR                                                              
        206 AC_ACCOUNT                                                          

115 rows selected.

SQL> SELECT employee_id, job_id, department_id
  2  FROM   employees
  3  UNION ALL
  4  SELECT employee_id, job_id, department_id
  5  FROM   job_history
  6  ORDER BY  employee_id;

EMPLOYEE_ID JOB_ID     DEPARTMENT_ID                                            
----------- ---------- -------------                                            
        100 AD_PRES               90                                            
        101 AD_VP                 90                                            
        101 AC_ACCOUNT           110                                            
        101 AC_MGR               110                                            
        102 IT_PROG               60                                            
        102 AD_VP                 90                                            
        103 IT_PROG               60                                            
        104 IT_PROG               60                                            
        105 IT_PROG               60                                            
        106 IT_PROG               60                                            
        107 IT_PROG               60                                            

EMPLOYEE_ID JOB_ID     DEPARTMENT_ID                                            
----------- ---------- -------------                                            
        108 FI_MGR               100                                            
        109 FI_ACCOUNT           100                                            
        110 FI_ACCOUNT           100                                            
        111 FI_ACCOUNT           100                                            
        112 FI_ACCOUNT           100                                            
        113 FI_ACCOUNT           100                                            
        114 PU_MAN                30                                            
        114 ST_CLERK              50                                            
        115 PU_CLERK              30                                            
        116 PU_CLERK              30                                            
        117 PU_CLERK              30                                            

EMPLOYEE_ID JOB_ID     DEPARTMENT_ID                                            
----------- ---------- -------------                                            
        118 PU_CLERK              30                                            
        119 PU_CLERK              30                                            
        120 ST_MAN                50                                            
        121 ST_MAN                50                                            
        122 ST_MAN                50                                            
        122 ST_CLERK              50                                            
        123 ST_MAN                50                                            
        124 ST_MAN                50                                            
        125 ST_CLERK              50                                            
        126 ST_CLERK              50                                            
        127 ST_CLERK              50                                            

EMPLOYEE_ID JOB_ID     DEPARTMENT_ID                                            
----------- ---------- -------------                                            
        128 ST_CLERK              50                                            
        129 ST_CLERK              50                                            
        130 ST_CLERK              50                                            
        131 ST_CLERK              50                                            
        132 ST_CLERK              50                                            
        133 ST_CLERK              50                                            
        134 ST_CLERK              50                                            
        135 ST_CLERK              50                                            
        136 ST_CLERK              50                                            
        137 ST_CLERK              50                                            
        138 ST_CLERK              50                                            

EMPLOYEE_ID JOB_ID     DEPARTMENT_ID                                            
----------- ---------- -------------                                            
        139 ST_CLERK              50                                            
        140 ST_CLERK              50                                            
        141 ST_CLERK              50                                            
        142 ST_CLERK              50                                            
        143 ST_CLERK              50                                            
        144 ST_CLERK              50                                            
        145 SA_MAN                80                                            
        146 SA_MAN                80                                            
        147 SA_MAN                80                                            
        148 SA_MAN                80                                            
        149 SA_MAN                80                                            

EMPLOYEE_ID JOB_ID     DEPARTMENT_ID                                            
----------- ---------- -------------                                            
        150 SA_REP                80                                            
        151 SA_REP                80                                            
        152 SA_REP                80                                            
        153 SA_REP                80                                            
        154 SA_REP                80                                            
        155 SA_REP                80                                            
        156 SA_REP                80                                            
        157 SA_REP                80                                            
        158 SA_REP                80                                            
        159 SA_REP                80                                            
        160 SA_REP                80                                            

EMPLOYEE_ID JOB_ID     DEPARTMENT_ID                                            
----------- ---------- -------------                                            
        161 SA_REP                80                                            
        162 SA_REP                80                                            
        163 SA_REP                80                                            
        164 SA_REP                80                                            
        165 SA_REP                80                                            
        166 SA_REP                80                                            
        167 SA_REP                80                                            
        168 SA_REP                80                                            
        169 SA_REP                80                                            
        170 SA_REP                80                                            
        171 SA_REP                80                                            

EMPLOYEE_ID JOB_ID     DEPARTMENT_ID                                            
----------- ---------- -------------                                            
        172 SA_REP                80                                            
        173 SA_REP                80                                            
        174 SA_REP                80                                            
        175 SA_REP                80                                            
        176 SA_REP                80                                            
        176 SA_MAN                80                                            
        176 SA_REP                80                                            
        177 SA_REP                80                                            
        178 SA_REP                                                              
        179 SA_REP                80                                            
        180 SH_CLERK              50                                            

EMPLOYEE_ID JOB_ID     DEPARTMENT_ID                                            
----------- ---------- -------------                                            
        181 SH_CLERK              50                                            
        182 SH_CLERK              50                                            
        183 SH_CLERK              50                                            
        184 SH_CLERK              50                                            
        185 SH_CLERK              50                                            
        186 SH_CLERK              50                                            
        187 SH_CLERK              50                                            
        188 SH_CLERK              50                                            
        189 SH_CLERK              50                                            
        190 SH_CLERK              50                                            
        191 SH_CLERK              50                                            

EMPLOYEE_ID JOB_ID     DEPARTMENT_ID                                            
----------- ---------- -------------                                            
        192 SH_CLERK              50                                            
        193 SH_CLERK              50                                            
        194 SH_CLERK              50                                            
        195 SH_CLERK              50                                            
        196 SH_CLERK              50                                            
        197 SH_CLERK              50                                            
        198 SH_CLERK              50                                            
        199 SH_CLERK              50                                            
        200 AD_ASST               10                                            
        200 AD_ASST               90                                            
        200 AC_ACCOUNT            90                                            

EMPLOYEE_ID JOB_ID     DEPARTMENT_ID                                            
----------- ---------- -------------                                            
        201 MK_MAN                20                                            
        201 MK_REP                20                                            
        202 MK_REP                20                                            
        203 HR_REP                40                                            
        204 PR_REP                70                                            
        205 AC_MGR               110                                            
        206 AC_ACCOUNT           110                                            

117 rows selected.

SQL> SELECT employee_id, job_id
  2  FROM   employees
  3  INTERSECT
  4  SELECT employee_id, job_id
  5  FROM   job_history;

EMPLOYEE_ID JOB_ID                                                              
----------- ----------                                                          
        176 SA_REP                                                              
        200 AD_ASST                                                             

SQL> select * from employees;

EMPLOYEE_ID FIRST_NAME           LAST_NAME                                      
----------- -------------------- -------------------------                      
EMAIL                     PHONE_NUMBER         HIRE_DATE JOB_ID         SALARY  
------------------------- -------------------- --------- ---------- ----------  
COMMISSION_PCT MANAGER_ID DEPARTMENT_ID                                         
-------------- ---------- -------------                                         
        100 Steven               King                                           
SKING                     515.123.4567         17-JUN-03 AD_PRES         24000  
                                     90                                         
                                                                                
        101 Neena                Kochhar                                        
NKOCHHAR                  515.123.4568         21-SEP-05 AD_VP           17000  
                      100            90                                         

EMPLOYEE_ID FIRST_NAME           LAST_NAME                                      
----------- -------------------- -------------------------                      
EMAIL                     PHONE_NUMBER         HIRE_DATE JOB_ID         SALARY  
------------------------- -------------------- --------- ---------- ----------  
COMMISSION_PCT MANAGER_ID DEPARTMENT_ID                                         
-------------- ---------- -------------                                         
                                                                                
        102 Lex                  De Haan                                        
LDEHAAN                   515.123.4569         13-JAN-01 AD_VP           17000  
                      100            90                                         
                                                                                
        103 Alexander            Hunold                                         
AHUNOLD                   590.423.4567         03-JAN-06 IT_PROG          9000  

EMPLOYEE_ID FIRST_NAME           LAST_NAME                                      
----------- -------------------- -------------------------                      
EMAIL                     PHONE_NUMBER         HIRE_DATE JOB_ID         SALARY  
------------------------- -------------------- --------- ---------- ----------  
COMMISSION_PCT MANAGER_ID DEPARTMENT_ID                                         
-------------- ---------- -------------                                         
                      102            60                                         
                                                                                
        104 Bruce                Ernst                                          
BERNST                    590.423.4568         21-MAY-07 IT_PROG          6000  
                      103            60                                         
                                                                                
        105 David                Austin                                         

EMPLOYEE_ID FIRST_NAME           LAST_NAME                                      
----------- -------------------- -------------------------                      
EMAIL                     PHONE_NUMBER         HIRE_DATE JOB_ID         SALARY  
------------------------- -------------------- --------- ---------- ----------  
COMMISSION_PCT MANAGER_ID DEPARTMENT_ID                                         
-------------- ---------- -------------                                         
DAUSTIN                   590.423.4569         25-JUN-05 IT_PROG          4800  
                      103            60                                         
                                                                                
        106 Valli                Pataballa                                      
VPATABAL                  590.423.4560         05-FEB-06 IT_PROG          4800  
                      103            60                                         
                                                                                

EMPLOYEE_ID FIRST_NAME           LAST_NAME                                      
----------- -------------------- -------------------------                      
EMAIL                     PHONE_NUMBER         HIRE_DATE JOB_ID         SALARY  
------------------------- -------------------- --------- ---------- ----------  
COMMISSION_PCT MANAGER_ID DEPARTMENT_ID                                         
-------------- ---------- -------------                                         
        107 Diana                Lorentz                                        
DLORENTZ                  590.423.5567         07-FEB-07 IT_PROG          4200  
                      103            60                                         
                                                                                
        108 Nancy                Greenberg                                      
NGREENBE                  515.124.4569         17-AUG-02 FI_MGR          12008  
                      101           100                                         

EMPLOYEE_ID FIRST_NAME           LAST_NAME                                      
----------- -------------------- -------------------------                      
EMAIL                     PHONE_NUMBER         HIRE_DATE JOB_ID         SALARY  
------------------------- -------------------- --------- ---------- ----------  
COMMISSION_PCT MANAGER_ID DEPARTMENT_ID                                         
-------------- ---------- -------------                                         
                                                                                
        109 Daniel               Faviet                                         
DFAVIET                   515.124.4169         16-AUG-02 FI_ACCOUNT       9000  
                      108           100                                         
                                                                                
        110 John                 Chen                                           
JCHEN                     515.124.4269         28-SEP-05 FI_ACCOUNT       8200  

EMPLOYEE_ID FIRST_NAME           LAST_NAME                                      
----------- -------------------- -------------------------                      
EMAIL                     PHONE_NUMBER         HIRE_DATE JOB_ID         SALARY  
------------------------- -------------------- --------- ---------- ----------  
COMMISSION_PCT MANAGER_ID DEPARTMENT_ID                                         
-------------- ---------- -------------                                         
                      108           100                                         
                                                                                
        111 Ismael               Sciarra                                        
ISCIARRA                  515.124.4369         30-SEP-05 FI_ACCOUNT       7700  
                      108           100                                         
                                                                                
        112 Jose Manuel          Urman                                          

EMPLOYEE_ID FIRST_NAME           LAST_NAME                                      
----------- -------------------- -------------------------                      
EMAIL                     PHONE_NUMBER         HIRE_DATE JOB_ID         SALARY  
------------------------- -------------------- --------- ---------- ----------  
COMMISSION_PCT MANAGER_ID DEPARTMENT_ID                                         
-------------- ---------- -------------                                         
JMURMAN                   515.124.4469         07-MAR-06 FI_ACCOUNT       7800  
                      108           100                                         
                                                                                
        113 Luis                 Popp                                           
LPOPP                     515.124.4567         07-DEC-07 FI_ACCOUNT       6900  
                      108           100                                         
                                                                                

EMPLOYEE_ID FIRST_NAME           LAST_NAME                                      
----------- -------------------- -------------------------                      
EMAIL                     PHONE_NUMBER         HIRE_DATE JOB_ID         SALARY  
------------------------- -------------------- --------- ---------- ----------  
COMMISSION_PCT MANAGER_ID DEPARTMENT_ID                                         
-------------- ---------- -------------                                         
        114 Den                  Raphaely                                       
DRAPHEAL                  515.127.4561         07-DEC-02 PU_MAN          11000  
                      100            30                                         
                                                                                
        115 Alexander            Khoo                                           
AKHOO                     515.127.4562         18-MAY-03 PU_CLERK         3100  
                      114            30                                         

EMPLOYEE_ID FIRST_NAME           LAST_NAME                                      
----------- -------------------- -------------------------                      
EMAIL                     PHONE_NUMBER         HIRE_DATE JOB_ID         SALARY  
------------------------- -------------------- --------- ---------- ----------  
COMMISSION_PCT MANAGER_ID DEPARTMENT_ID                                         
-------------- ---------- -------------                                         
                                                                                
        116 Shelli               Baida                                          
SBAIDA                    515.127.4563         24-DEC-05 PU_CLERK         2900  
                      114            30                                         
                                                                                
        117 Sigal                Tobias                                         
STOBIAS                   515.127.4564         24-JUL-05 PU_CLERK         2800  

EMPLOYEE_ID FIRST_NAME           LAST_NAME                                      
----------- -------------------- -------------------------                      
EMAIL                     PHONE_NUMBER         HIRE_DATE JOB_ID         SALARY  
------------------------- -------------------- --------- ---------- ----------  
COMMISSION_PCT MANAGER_ID DEPARTMENT_ID                                         
-------------- ---------- -------------                                         
                      114            30                                         
                                                                                
        118 Guy                  Himuro                                         
GHIMURO                   515.127.4565         15-NOV-06 PU_CLERK         2600  
                      114            30                                         
                                                                                
        119 Karen                Colmenares                                     

EMPLOYEE_ID FIRST_NAME           LAST_NAME                                      
----------- -------------------- -------------------------                      
EMAIL                     PHONE_NUMBER         HIRE_DATE JOB_ID         SALARY  
------------------------- -------------------- --------- ---------- ----------  
COMMISSION_PCT MANAGER_ID DEPARTMENT_ID                                         
-------------- ---------- -------------                                         
KCOLMENA                  515.127.4566         10-AUG-07 PU_CLERK         2500  
                      114            30                                         
                                                                                
        120 Matthew              Weiss                                          
MWEISS                    650.123.1234         18-JUL-04 ST_MAN           8000  
                      100            50                                         
                                                                                

EMPLOYEE_ID FIRST_NAME           LAST_NAME                                      
----------- -------------------- -------------------------                      
EMAIL                     PHONE_NUMBER         HIRE_DATE JOB_ID         SALARY  
------------------------- -------------------- --------- ---------- ----------  
COMMISSION_PCT MANAGER_ID DEPARTMENT_ID                                         
-------------- ---------- -------------                                         
        121 Adam                 Fripp                                          
AFRIPP                    650.123.2234         10-APR-05 ST_MAN           8200  
                      100            50                                         
                                                                                
        122 Payam                Kaufling                                       
PKAUFLIN                  650.123.3234         01-MAY-03 ST_MAN           7900  
                      100            50                                         

EMPLOYEE_ID FIRST_NAME           LAST_NAME                                      
----------- -------------------- -------------------------                      
EMAIL                     PHONE_NUMBER         HIRE_DATE JOB_ID         SALARY  
------------------------- -------------------- --------- ---------- ----------  
COMMISSION_PCT MANAGER_ID DEPARTMENT_ID                                         
-------------- ---------- -------------                                         
                                                                                
        123 Shanta               Vollman                                        
SVOLLMAN                  650.123.4234         10-OCT-05 ST_MAN           6500  
                      100            50                                         
                                                                                
        124 Kevin                Mourgos                                        
KMOURGOS                  650.123.5234         16-NOV-07 ST_MAN           5800  

EMPLOYEE_ID FIRST_NAME           LAST_NAME                                      
----------- -------------------- -------------------------                      
EMAIL                     PHONE_NUMBER         HIRE_DATE JOB_ID         SALARY  
------------------------- -------------------- --------- ---------- ----------  
COMMISSION_PCT MANAGER_ID DEPARTMENT_ID                                         
-------------- ---------- -------------                                         
                      100            50                                         
                                                                                
        125 Julia                Nayer                                          
JNAYER                    650.124.1214         16-JUL-05 ST_CLERK         3200  
                      120            50                                         
                                                                                
        126 Irene                Mikkilineni                                    

EMPLOYEE_ID FIRST_NAME           LAST_NAME                                      
----------- -------------------- -------------------------                      
EMAIL                     PHONE_NUMBER         HIRE_DATE JOB_ID         SALARY  
------------------------- -------------------- --------- ---------- ----------  
COMMISSION_PCT MANAGER_ID DEPARTMENT_ID                                         
-------------- ---------- -------------                                         
IMIKKILI                  650.124.1224         28-SEP-06 ST_CLERK         2700  
                      120            50                                         
                                                                                
        127 James                Landry                                         
JLANDRY                   650.124.1334         14-JAN-07 ST_CLERK         2400  
                      120            50                                         
                                                                                

EMPLOYEE_ID FIRST_NAME           LAST_NAME                                      
----------- -------------------- -------------------------                      
EMAIL                     PHONE_NUMBER         HIRE_DATE JOB_ID         SALARY  
------------------------- -------------------- --------- ---------- ----------  
COMMISSION_PCT MANAGER_ID DEPARTMENT_ID                                         
-------------- ---------- -------------                                         
        128 Steven               Markle                                         
SMARKLE                   650.124.1434         08-MAR-08 ST_CLERK         2200  
                      120            50                                         
                                                                                
        129 Laura                Bissot                                         
LBISSOT                   650.124.5234         20-AUG-05 ST_CLERK         3300  
                      121            50                                         

EMPLOYEE_ID FIRST_NAME           LAST_NAME                                      
----------- -------------------- -------------------------                      
EMAIL                     PHONE_NUMBER         HIRE_DATE JOB_ID         SALARY  
------------------------- -------------------- --------- ---------- ----------  
COMMISSION_PCT MANAGER_ID DEPARTMENT_ID                                         
-------------- ---------- -------------                                         
                                                                                
        130 Mozhe                Atkinson                                       
MATKINSO                  650.124.6234         30-OCT-05 ST_CLERK         2800  
                      121            50                                         
                                                                                
        131 James                Marlow                                         
JAMRLOW                   650.124.7234         16-FEB-05 ST_CLERK         2500  

EMPLOYEE_ID FIRST_NAME           LAST_NAME                                      
----------- -------------------- -------------------------                      
EMAIL                     PHONE_NUMBER         HIRE_DATE JOB_ID         SALARY  
------------------------- -------------------- --------- ---------- ----------  
COMMISSION_PCT MANAGER_ID DEPARTMENT_ID                                         
-------------- ---------- -------------                                         
                      121            50                                         
                                                                                
        132 TJ                   Olson                                          
TJOLSON                   650.124.8234         10-APR-07 ST_CLERK         2100  
                      121            50                                         
                                                                                
        133 Jason                Mallin                                         

EMPLOYEE_ID FIRST_NAME           LAST_NAME                                      
----------- -------------------- -------------------------                      
EMAIL                     PHONE_NUMBER         HIRE_DATE JOB_ID         SALARY  
------------------------- -------------------- --------- ---------- ----------  
COMMISSION_PCT MANAGER_ID DEPARTMENT_ID                                         
-------------- ---------- -------------                                         
JMALLIN                   650.127.1934         14-JUN-04 ST_CLERK         3300  
                      122            50                                         
                                                                                
        134 Michael              Rogers                                         
MROGERS                   650.127.1834         26-AUG-06 ST_CLERK         2900  
                      122            50                                         
                                                                                

EMPLOYEE_ID FIRST_NAME           LAST_NAME                                      
----------- -------------------- -------------------------                      
EMAIL                     PHONE_NUMBER         HIRE_DATE JOB_ID         SALARY  
------------------------- -------------------- --------- ---------- ----------  
COMMISSION_PCT MANAGER_ID DEPARTMENT_ID                                         
-------------- ---------- -------------                                         
        135 Ki                   Gee                                            
KGEE                      650.127.1734         12-DEC-07 ST_CLERK         2400  
                      122            50                                         
                                                                                
        136 Hazel                Philtanker                                     
HPHILTAN                  650.127.1634         06-FEB-08 ST_CLERK         2200  
                      122            50                                         

EMPLOYEE_ID FIRST_NAME           LAST_NAME                                      
----------- -------------------- -------------------------                      
EMAIL                     PHONE_NUMBER         HIRE_DATE JOB_ID         SALARY  
------------------------- -------------------- --------- ---------- ----------  
COMMISSION_PCT MANAGER_ID DEPARTMENT_ID                                         
-------------- ---------- -------------                                         
                                                                                
        137 Renske               Ladwig                                         
RLADWIG                   650.121.1234         14-JUL-03 ST_CLERK         3600  
                      123            50                                         
                                                                                
        138 Stephen              Stiles                                         
SSTILES                   650.121.2034         26-OCT-05 ST_CLERK         3200  

EMPLOYEE_ID FIRST_NAME           LAST_NAME                                      
----------- -------------------- -------------------------                      
EMAIL                     PHONE_NUMBER         HIRE_DATE JOB_ID         SALARY  
------------------------- -------------------- --------- ---------- ----------  
COMMISSION_PCT MANAGER_ID DEPARTMENT_ID                                         
-------------- ---------- -------------                                         
                      123            50                                         
                                                                                
        139 John                 Seo                                            
JSEO                      650.121.2019         12-FEB-06 ST_CLERK         2700  
                      123            50                                         
                                                                                
        140 Joshua               Patel                                          

EMPLOYEE_ID FIRST_NAME           LAST_NAME                                      
----------- -------------------- -------------------------                      
EMAIL                     PHONE_NUMBER         HIRE_DATE JOB_ID         SALARY  
------------------------- -------------------- --------- ---------- ----------  
COMMISSION_PCT MANAGER_ID DEPARTMENT_ID                                         
-------------- ---------- -------------                                         
JPATEL                    650.121.1834         06-APR-06 ST_CLERK         2500  
                      123            50                                         
                                                                                
        141 Trenna               Rajs                                           
TRAJS                     650.121.8009         17-OCT-03 ST_CLERK         3500  
                      124            50                                         
                                                                                

EMPLOYEE_ID FIRST_NAME           LAST_NAME                                      
----------- -------------------- -------------------------                      
EMAIL                     PHONE_NUMBER         HIRE_DATE JOB_ID         SALARY  
------------------------- -------------------- --------- ---------- ----------  
COMMISSION_PCT MANAGER_ID DEPARTMENT_ID                                         
-------------- ---------- -------------                                         
        142 Curtis               Davies                                         
CDAVIES                   650.121.2994         29-JAN-05 ST_CLERK         3100  
                      124            50                                         
                                                                                
        143 Randall              Matos                                          
RMATOS                    650.121.2874         15-MAR-06 ST_CLERK         2600  
                      124            50                                         

EMPLOYEE_ID FIRST_NAME           LAST_NAME                                      
----------- -------------------- -------------------------                      
EMAIL                     PHONE_NUMBER         HIRE_DATE JOB_ID         SALARY  
------------------------- -------------------- --------- ---------- ----------  
COMMISSION_PCT MANAGER_ID DEPARTMENT_ID                                         
-------------- ---------- -------------                                         
                                                                                
        144 Peter                Vargas                                         
PVARGAS                   650.121.2004         09-JUL-06 ST_CLERK         2500  
                      124            50                                         
                                                                                
        145 John                 Russell                                        
JRUSSEL                   011.44.1344.429268   01-OCT-04 SA_MAN          14000  

EMPLOYEE_ID FIRST_NAME           LAST_NAME                                      
----------- -------------------- -------------------------                      
EMAIL                     PHONE_NUMBER         HIRE_DATE JOB_ID         SALARY  
------------------------- -------------------- --------- ---------- ----------  
COMMISSION_PCT MANAGER_ID DEPARTMENT_ID                                         
-------------- ---------- -------------                                         
            .4        100            80                                         
                                                                                
        146 Karen                Partners                                       
KPARTNER                  011.44.1344.467268   05-JAN-05 SA_MAN          13500  
            .3        100            80                                         
                                                                                
        147 Alberto              Errazuriz                                      

EMPLOYEE_ID FIRST_NAME           LAST_NAME                                      
----------- -------------------- -------------------------                      
EMAIL                     PHONE_NUMBER         HIRE_DATE JOB_ID         SALARY  
------------------------- -------------------- --------- ---------- ----------  
COMMISSION_PCT MANAGER_ID DEPARTMENT_ID                                         
-------------- ---------- -------------                                         
AERRAZUR                  011.44.1344.429278   10-MAR-05 SA_MAN          12000  
            .3        100            80                                         
                                                                                
        148 Gerald               Cambrault                                      
GCAMBRAU                  011.44.1344.619268   15-OCT-07 SA_MAN          11000  
            .3        100            80                                         
                                                                                

EMPLOYEE_ID FIRST_NAME           LAST_NAME                                      
----------- -------------------- -------------------------                      
EMAIL                     PHONE_NUMBER         HIRE_DATE JOB_ID         SALARY  
------------------------- -------------------- --------- ---------- ----------  
COMMISSION_PCT MANAGER_ID DEPARTMENT_ID                                         
-------------- ---------- -------------                                         
        149 Eleni                Zlotkey                                        
EZLOTKEY                  011.44.1344.429018   29-JAN-08 SA_MAN          10500  
            .2        100            80                                         
                                                                                
        150 Peter                Tucker                                         
PTUCKER                   011.44.1344.129268   30-JAN-05 SA_REP          10000  
            .3        145            80                                         

EMPLOYEE_ID FIRST_NAME           LAST_NAME                                      
----------- -------------------- -------------------------                      
EMAIL                     PHONE_NUMBER         HIRE_DATE JOB_ID         SALARY  
------------------------- -------------------- --------- ---------- ----------  
COMMISSION_PCT MANAGER_ID DEPARTMENT_ID                                         
-------------- ---------- -------------                                         
                                                                                
        151 David                Bernstein                                      
DBERNSTE                  011.44.1344.345268   24-MAR-05 SA_REP           9500  
           .25        145            80                                         
                                                                                
        152 Peter                Hall                                           
PHALL                     011.44.1344.478968   20-AUG-05 SA_REP           9000  

EMPLOYEE_ID FIRST_NAME           LAST_NAME                                      
----------- -------------------- -------------------------                      
EMAIL                     PHONE_NUMBER         HIRE_DATE JOB_ID         SALARY  
------------------------- -------------------- --------- ---------- ----------  
COMMISSION_PCT MANAGER_ID DEPARTMENT_ID                                         
-------------- ---------- -------------                                         
           .25        145            80                                         
                                                                                
        153 Christopher          Olsen                                          
COLSEN                    011.44.1344.498718   30-MAR-06 SA_REP           8000  
            .2        145            80                                         
                                                                                
        154 Nanette              Cambrault                                      

EMPLOYEE_ID FIRST_NAME           LAST_NAME                                      
----------- -------------------- -------------------------                      
EMAIL                     PHONE_NUMBER         HIRE_DATE JOB_ID         SALARY  
------------------------- -------------------- --------- ---------- ----------  
COMMISSION_PCT MANAGER_ID DEPARTMENT_ID                                         
-------------- ---------- -------------                                         
NCAMBRAU                  011.44.1344.987668   09-DEC-06 SA_REP           7500  
            .2        145            80                                         
                                                                                
        155 Oliver               Tuvault                                        
OTUVAULT                  011.44.1344.486508   23-NOV-07 SA_REP           7000  
           .15        145            80                                         
                                                                                

EMPLOYEE_ID FIRST_NAME           LAST_NAME                                      
----------- -------------------- -------------------------                      
EMAIL                     PHONE_NUMBER         HIRE_DATE JOB_ID         SALARY  
------------------------- -------------------- --------- ---------- ----------  
COMMISSION_PCT MANAGER_ID DEPARTMENT_ID                                         
-------------- ---------- -------------                                         
        156 Janette              King                                           
JKING                     011.44.1345.429268   30-JAN-04 SA_REP          10000  
           .35        146            80                                         
                                                                                
        157 Patrick              Sully                                          
PSULLY                    011.44.1345.929268   04-MAR-04 SA_REP           9500  
           .35        146            80                                         

EMPLOYEE_ID FIRST_NAME           LAST_NAME                                      
----------- -------------------- -------------------------                      
EMAIL                     PHONE_NUMBER         HIRE_DATE JOB_ID         SALARY  
------------------------- -------------------- --------- ---------- ----------  
COMMISSION_PCT MANAGER_ID DEPARTMENT_ID                                         
-------------- ---------- -------------                                         
                                                                                
        158 Allan                McEwen                                         
AMCEWEN                   011.44.1345.829268   01-AUG-04 SA_REP           9000  
           .35        146            80                                         
                                                                                
        159 Lindsey              Smith                                          
LSMITH                    011.44.1345.729268   10-MAR-05 SA_REP           8000  

EMPLOYEE_ID FIRST_NAME           LAST_NAME                                      
----------- -------------------- -------------------------                      
EMAIL                     PHONE_NUMBER         HIRE_DATE JOB_ID         SALARY  
------------------------- -------------------- --------- ---------- ----------  
COMMISSION_PCT MANAGER_ID DEPARTMENT_ID                                         
-------------- ---------- -------------                                         
            .3        146            80                                         
                                                                                
        160 Louise               Doran                                          
LDORAN                    011.44.1345.629268   15-DEC-05 SA_REP           7500  
            .3        146            80                                         
                                                                                
        161 Sarath               Sewall                                         

EMPLOYEE_ID FIRST_NAME           LAST_NAME                                      
----------- -------------------- -------------------------                      
EMAIL                     PHONE_NUMBER         HIRE_DATE JOB_ID         SALARY  
------------------------- -------------------- --------- ---------- ----------  
COMMISSION_PCT MANAGER_ID DEPARTMENT_ID                                         
-------------- ---------- -------------                                         
SSEWALL                   011.44.1345.529268   03-NOV-06 SA_REP           7000  
           .25        146            80                                         
                                                                                
        162 Clara                Vishney                                        
CVISHNEY                  011.44.1346.129268   11-NOV-05 SA_REP          10500  
           .25        147            80                                         
                                                                                

EMPLOYEE_ID FIRST_NAME           LAST_NAME                                      
----------- -------------------- -------------------------                      
EMAIL                     PHONE_NUMBER         HIRE_DATE JOB_ID         SALARY  
------------------------- -------------------- --------- ---------- ----------  
COMMISSION_PCT MANAGER_ID DEPARTMENT_ID                                         
-------------- ---------- -------------                                         
        163 Danielle             Greene                                         
DGREENE                   011.44.1346.229268   19-MAR-07 SA_REP           9500  
           .15        147            80                                         
                                                                                
        164 Mattea               Marvins                                        
MMARVINS                  011.44.1346.329268   24-JAN-08 SA_REP           7200  
            .1        147            80                                         

EMPLOYEE_ID FIRST_NAME           LAST_NAME                                      
----------- -------------------- -------------------------                      
EMAIL                     PHONE_NUMBER         HIRE_DATE JOB_ID         SALARY  
------------------------- -------------------- --------- ---------- ----------  
COMMISSION_PCT MANAGER_ID DEPARTMENT_ID                                         
-------------- ---------- -------------                                         
                                                                                
        165 David                Lee                                            
DLEE                      011.44.1346.529268   23-FEB-08 SA_REP           6800  
            .1        147            80                                         
                                                                                
        166 Sundar               Ande                                           
SANDE                     011.44.1346.629268   24-MAR-08 SA_REP           6400  

EMPLOYEE_ID FIRST_NAME           LAST_NAME                                      
----------- -------------------- -------------------------                      
EMAIL                     PHONE_NUMBER         HIRE_DATE JOB_ID         SALARY  
------------------------- -------------------- --------- ---------- ----------  
COMMISSION_PCT MANAGER_ID DEPARTMENT_ID                                         
-------------- ---------- -------------                                         
            .1        147            80                                         
                                                                                
        167 Amit                 Banda                                          
ABANDA                    011.44.1346.729268   21-APR-08 SA_REP           6200  
            .1        147            80                                         
                                                                                
        168 Lisa                 Ozer                                           

EMPLOYEE_ID FIRST_NAME           LAST_NAME                                      
----------- -------------------- -------------------------                      
EMAIL                     PHONE_NUMBER         HIRE_DATE JOB_ID         SALARY  
------------------------- -------------------- --------- ---------- ----------  
COMMISSION_PCT MANAGER_ID DEPARTMENT_ID                                         
-------------- ---------- -------------                                         
LOZER                     011.44.1343.929268   11-MAR-05 SA_REP          11500  
           .25        148            80                                         
                                                                                
        169 Harrison             Bloom                                          
HBLOOM                    011.44.1343.829268   23-MAR-06 SA_REP          10000  
            .2        148            80                                         
                                                                                

EMPLOYEE_ID FIRST_NAME           LAST_NAME                                      
----------- -------------------- -------------------------                      
EMAIL                     PHONE_NUMBER         HIRE_DATE JOB_ID         SALARY  
------------------------- -------------------- --------- ---------- ----------  
COMMISSION_PCT MANAGER_ID DEPARTMENT_ID                                         
-------------- ---------- -------------                                         
        170 Tayler               Fox                                            
TFOX                      011.44.1343.729268   24-JAN-06 SA_REP           9600  
            .2        148            80                                         
                                                                                
        171 William              Smith                                          
WSMITH                    011.44.1343.629268   23-FEB-07 SA_REP           7400  
           .15        148            80                                         

EMPLOYEE_ID FIRST_NAME           LAST_NAME                                      
----------- -------------------- -------------------------                      
EMAIL                     PHONE_NUMBER         HIRE_DATE JOB_ID         SALARY  
------------------------- -------------------- --------- ---------- ----------  
COMMISSION_PCT MANAGER_ID DEPARTMENT_ID                                         
-------------- ---------- -------------                                         
                                                                                
        172 Elizabeth            Bates                                          
EBATES                    011.44.1343.529268   24-MAR-07 SA_REP           7300  
           .15        148            80                                         
                                                                                
        173 Sundita              Kumar                                          
SKUMAR                    011.44.1343.329268   21-APR-08 SA_REP           6100  

EMPLOYEE_ID FIRST_NAME           LAST_NAME                                      
----------- -------------------- -------------------------                      
EMAIL                     PHONE_NUMBER         HIRE_DATE JOB_ID         SALARY  
------------------------- -------------------- --------- ---------- ----------  
COMMISSION_PCT MANAGER_ID DEPARTMENT_ID                                         
-------------- ---------- -------------                                         
            .1        148            80                                         
                                                                                
        174 Ellen                Abel                                           
EABEL                     011.44.1644.429267   11-MAY-04 SA_REP          11000  
            .3        149            80                                         
                                                                                
        175 Alyssa               Hutton                                         

EMPLOYEE_ID FIRST_NAME           LAST_NAME                                      
----------- -------------------- -------------------------                      
EMAIL                     PHONE_NUMBER         HIRE_DATE JOB_ID         SALARY  
------------------------- -------------------- --------- ---------- ----------  
COMMISSION_PCT MANAGER_ID DEPARTMENT_ID                                         
-------------- ---------- -------------                                         
AHUTTON                   011.44.1644.429266   19-MAR-05 SA_REP           8800  
           .25        149            80                                         
                                                                                
        176 Jonathon             Taylor                                         
JTAYLOR                   011.44.1644.429265   24-MAR-06 SA_REP           8600  
            .2        149            80                                         
                                                                                

EMPLOYEE_ID FIRST_NAME           LAST_NAME                                      
----------- -------------------- -------------------------                      
EMAIL                     PHONE_NUMBER         HIRE_DATE JOB_ID         SALARY  
------------------------- -------------------- --------- ---------- ----------  
COMMISSION_PCT MANAGER_ID DEPARTMENT_ID                                         
-------------- ---------- -------------                                         
        177 Jack                 Livingston                                     
JLIVINGS                  011.44.1644.429264   23-APR-06 SA_REP           8400  
            .2        149            80                                         
                                                                                
        178 Kimberely            Grant                                          
KGRANT                    011.44.1644.429263   24-MAY-07 SA_REP           7000  
           .15        149                                                       

EMPLOYEE_ID FIRST_NAME           LAST_NAME                                      
----------- -------------------- -------------------------                      
EMAIL                     PHONE_NUMBER         HIRE_DATE JOB_ID         SALARY  
------------------------- -------------------- --------- ---------- ----------  
COMMISSION_PCT MANAGER_ID DEPARTMENT_ID                                         
-------------- ---------- -------------                                         
                                                                                
        179 Charles              Johnson                                        
CJOHNSON                  011.44.1644.429262   04-JAN-08 SA_REP           6200  
            .1        149            80                                         
                                                                                
        180 Winston              Taylor                                         
WTAYLOR                   650.507.9876         24-JAN-06 SH_CLERK         3200  

EMPLOYEE_ID FIRST_NAME           LAST_NAME                                      
----------- -------------------- -------------------------                      
EMAIL                     PHONE_NUMBER         HIRE_DATE JOB_ID         SALARY  
------------------------- -------------------- --------- ---------- ----------  
COMMISSION_PCT MANAGER_ID DEPARTMENT_ID                                         
-------------- ---------- -------------                                         
                      120            50                                         
                                                                                
        181 Jean                 Fleaur                                         
JFLEAUR                   650.507.9877         23-FEB-06 SH_CLERK         3100  
                      120            50                                         
                                                                                
        182 Martha               Sullivan                                       

EMPLOYEE_ID FIRST_NAME           LAST_NAME                                      
----------- -------------------- -------------------------                      
EMAIL                     PHONE_NUMBER         HIRE_DATE JOB_ID         SALARY  
------------------------- -------------------- --------- ---------- ----------  
COMMISSION_PCT MANAGER_ID DEPARTMENT_ID                                         
-------------- ---------- -------------                                         
MSULLIVA                  650.507.9878         21-JUN-07 SH_CLERK         2500  
                      120            50                                         
                                                                                
        183 Girard               Geoni                                          
GGEONI                    650.507.9879         03-FEB-08 SH_CLERK         2800  
                      120            50                                         
                                                                                

EMPLOYEE_ID FIRST_NAME           LAST_NAME                                      
----------- -------------------- -------------------------                      
EMAIL                     PHONE_NUMBER         HIRE_DATE JOB_ID         SALARY  
------------------------- -------------------- --------- ---------- ----------  
COMMISSION_PCT MANAGER_ID DEPARTMENT_ID                                         
-------------- ---------- -------------                                         
        184 Nandita              Sarchand                                       
NSARCHAN                  650.509.1876         27-JAN-04 SH_CLERK         4200  
                      121            50                                         
                                                                                
        185 Alexis               Bull                                           
ABULL                     650.509.2876         20-FEB-05 SH_CLERK         4100  
                      121            50                                         

EMPLOYEE_ID FIRST_NAME           LAST_NAME                                      
----------- -------------------- -------------------------                      
EMAIL                     PHONE_NUMBER         HIRE_DATE JOB_ID         SALARY  
------------------------- -------------------- --------- ---------- ----------  
COMMISSION_PCT MANAGER_ID DEPARTMENT_ID                                         
-------------- ---------- -------------                                         
                                                                                
        186 Julia                Dellinger                                      
JDELLING                  650.509.3876         24-JUN-06 SH_CLERK         3400  
                      121            50                                         
                                                                                
        187 Anthony              Cabrio                                         
ACABRIO                   650.509.4876         07-FEB-07 SH_CLERK         3000  

EMPLOYEE_ID FIRST_NAME           LAST_NAME                                      
----------- -------------------- -------------------------                      
EMAIL                     PHONE_NUMBER         HIRE_DATE JOB_ID         SALARY  
------------------------- -------------------- --------- ---------- ----------  
COMMISSION_PCT MANAGER_ID DEPARTMENT_ID                                         
-------------- ---------- -------------                                         
                      121            50                                         
                                                                                
        188 Kelly                Chung                                          
KCHUNG                    650.505.1876         14-JUN-05 SH_CLERK         3800  
                      122            50                                         
                                                                                
        189 Jennifer             Dilly                                          

EMPLOYEE_ID FIRST_NAME           LAST_NAME                                      
----------- -------------------- -------------------------                      
EMAIL                     PHONE_NUMBER         HIRE_DATE JOB_ID         SALARY  
------------------------- -------------------- --------- ---------- ----------  
COMMISSION_PCT MANAGER_ID DEPARTMENT_ID                                         
-------------- ---------- -------------                                         
JDILLY                    650.505.2876         13-AUG-05 SH_CLERK         3600  
                      122            50                                         
                                                                                
        190 Timothy              Gates                                          
TGATES                    650.505.3876         11-JUL-06 SH_CLERK         2900  
                      122            50                                         
                                                                                

EMPLOYEE_ID FIRST_NAME           LAST_NAME                                      
----------- -------------------- -------------------------                      
EMAIL                     PHONE_NUMBER         HIRE_DATE JOB_ID         SALARY  
------------------------- -------------------- --------- ---------- ----------  
COMMISSION_PCT MANAGER_ID DEPARTMENT_ID                                         
-------------- ---------- -------------                                         
        191 Randall              Perkins                                        
RPERKINS                  650.505.4876         19-DEC-07 SH_CLERK         2500  
                      122            50                                         
                                                                                
        192 Sarah                Bell                                           
SBELL                     650.501.1876         04-FEB-04 SH_CLERK         4000  
                      123            50                                         

EMPLOYEE_ID FIRST_NAME           LAST_NAME                                      
----------- -------------------- -------------------------                      
EMAIL                     PHONE_NUMBER         HIRE_DATE JOB_ID         SALARY  
------------------------- -------------------- --------- ---------- ----------  
COMMISSION_PCT MANAGER_ID DEPARTMENT_ID                                         
-------------- ---------- -------------                                         
                                                                                
        193 Britney              Everett                                        
BEVERETT                  650.501.2876         03-MAR-05 SH_CLERK         3900  
                      123            50                                         
                                                                                
        194 Samuel               McCain                                         
SMCCAIN                   650.501.3876         01-JUL-06 SH_CLERK         3200  

EMPLOYEE_ID FIRST_NAME           LAST_NAME                                      
----------- -------------------- -------------------------                      
EMAIL                     PHONE_NUMBER         HIRE_DATE JOB_ID         SALARY  
------------------------- -------------------- --------- ---------- ----------  
COMMISSION_PCT MANAGER_ID DEPARTMENT_ID                                         
-------------- ---------- -------------                                         
                      123            50                                         
                                                                                
        195 Vance                Jones                                          
VJONES                    650.501.4876         17-MAR-07 SH_CLERK         2800  
                      123            50                                         
                                                                                
        196 Alana                Walsh                                          

EMPLOYEE_ID FIRST_NAME           LAST_NAME                                      
----------- -------------------- -------------------------                      
EMAIL                     PHONE_NUMBER         HIRE_DATE JOB_ID         SALARY  
------------------------- -------------------- --------- ---------- ----------  
COMMISSION_PCT MANAGER_ID DEPARTMENT_ID                                         
-------------- ---------- -------------                                         
AWALSH                    650.507.9811         24-APR-06 SH_CLERK         3100  
                      124            50                                         
                                                                                
        197 Kevin                Feeney                                         
KFEENEY                   650.507.9822         23-MAY-06 SH_CLERK         3000  
                      124            50                                         
                                                                                

EMPLOYEE_ID FIRST_NAME           LAST_NAME                                      
----------- -------------------- -------------------------                      
EMAIL                     PHONE_NUMBER         HIRE_DATE JOB_ID         SALARY  
------------------------- -------------------- --------- ---------- ----------  
COMMISSION_PCT MANAGER_ID DEPARTMENT_ID                                         
-------------- ---------- -------------                                         
        198 Donald               OConnell                                       
DOCONNEL                  650.507.9833         21-JUN-07 SH_CLERK         2600  
                      124            50                                         
                                                                                
        199 Douglas              Grant                                          
DGRANT                    650.507.9844         13-JAN-08 SH_CLERK         2600  
                      124            50                                         

EMPLOYEE_ID FIRST_NAME           LAST_NAME                                      
----------- -------------------- -------------------------                      
EMAIL                     PHONE_NUMBER         HIRE_DATE JOB_ID         SALARY  
------------------------- -------------------- --------- ---------- ----------  
COMMISSION_PCT MANAGER_ID DEPARTMENT_ID                                         
-------------- ---------- -------------                                         
                                                                                
        200 Jennifer             Whalen                                         
JWHALEN                   515.123.4444         17-SEP-03 AD_ASST          4400  
                      101            10                                         
                                                                                
        201 Michael              Hartstein                                      
MHARTSTE                  515.123.5555         17-FEB-04 MK_MAN          13000  

EMPLOYEE_ID FIRST_NAME           LAST_NAME                                      
----------- -------------------- -------------------------                      
EMAIL                     PHONE_NUMBER         HIRE_DATE JOB_ID         SALARY  
------------------------- -------------------- --------- ---------- ----------  
COMMISSION_PCT MANAGER_ID DEPARTMENT_ID                                         
-------------- ---------- -------------                                         
                      100            20                                         
                                                                                
        202 Pat                  Fay                                            
PFAY                      603.123.6666         17-AUG-05 MK_REP           6000  
                      201            20                                         
                                                                                
        203 Susan                Mavris                                         

EMPLOYEE_ID FIRST_NAME           LAST_NAME                                      
----------- -------------------- -------------------------                      
EMAIL                     PHONE_NUMBER         HIRE_DATE JOB_ID         SALARY  
------------------------- -------------------- --------- ---------- ----------  
COMMISSION_PCT MANAGER_ID DEPARTMENT_ID                                         
-------------- ---------- -------------                                         
SMAVRIS                   515.123.7777         07-JUN-02 HR_REP           6500  
                      101            40                                         
                                                                                
        204 Hermann              Baer                                           
HBAER                     515.123.8888         07-JUN-02 PR_REP          10000  
                      101            70                                         
                                                                                

EMPLOYEE_ID FIRST_NAME           LAST_NAME                                      
----------- -------------------- -------------------------                      
EMAIL                     PHONE_NUMBER         HIRE_DATE JOB_ID         SALARY  
------------------------- -------------------- --------- ---------- ----------  
COMMISSION_PCT MANAGER_ID DEPARTMENT_ID                                         
-------------- ---------- -------------                                         
        205 Shelley              Higgins                                        
SHIGGINS                  515.123.8080         07-JUN-02 AC_MGR          12008  
                      101           110                                         
                                                                                
        206 William              Gietz                                          
WGIETZ                    515.123.8181         07-JUN-02 AC_ACCOUNT       8300  
                      205           110                                         

EMPLOYEE_ID FIRST_NAME           LAST_NAME                                      
----------- -------------------- -------------------------                      
EMAIL                     PHONE_NUMBER         HIRE_DATE JOB_ID         SALARY  
------------------------- -------------------- --------- ---------- ----------  
COMMISSION_PCT MANAGER_ID DEPARTMENT_ID                                         
-------------- ---------- -------------                                         
                                                                                

107 rows selected.

SQL> select * from job_history;

EMPLOYEE_ID START_DAT END_DATE  JOB_ID     DEPARTMENT_ID                        
----------- --------- --------- ---------- -------------                        
        102 13-JAN-01 24-JUL-06 IT_PROG               60                        
        101 21-SEP-97 27-OCT-01 AC_ACCOUNT           110                        
        101 28-OCT-01 15-MAR-05 AC_MGR               110                        
        201 17-FEB-04 19-DEC-07 MK_REP                20                        
        114 24-MAR-06 31-DEC-07 ST_CLERK              50                        
        122 01-JAN-07 31-DEC-07 ST_CLERK              50                        
        200 17-SEP-95 17-JUN-01 AD_ASST               90                        
        176 24-MAR-06 31-DEC-06 SA_REP                80                        
        176 01-JAN-07 31-DEC-07 SA_MAN                80                        
        200 01-JUL-02 31-DEC-06 AC_ACCOUNT            90                        

10 rows selected.

SQL> 
